// Vitest Snapshot v1, https://vitest.dev/guide/snapshot.html

exports[`Error > should match snapshot 1`] = `Promise {}`;
