// Vitest Snapshot v1, https://vitest.dev/guide/snapshot.html

exports[`NotFound > should match snapshot 1`] = `
<h2
  class="MuiTypography-root MuiTypography-h2 MuiTypography-alignCenter css-icizyq-MuiTypography-root"
>
  404 | Seite wurde nicht gefunden
</h2>
`;
