// Vitest Snapshot v1, https://vitest.dev/guide/snapshot.html

exports[`Home, when user is authenticated > Header should match snapshot 1`] = `
<h2
  class="MuiTypography-root MuiTypography-h2 css-19gmx6a-MuiTypography-root"
>
  OIDC Service-Provider Demo with Next.js
</h2>
`;

exports[`Home, when user is authenticated > Logo should match snapshot 1`] = `
<svg
  aria-hidden="true"
  aria-label="HM Logo"
  class="MuiSvgIcon-root MuiSvgIcon-fontSizeMedium css-xkk8z0-MuiSvgIcon-root"
  enable-background="new 0 0 233.8582611 63.7795258"
  focusable="false"
  viewBox="0 0 233.858 63.78"
  x="0"
  y="0"
>
  <g
    fill="#FC5555"
  >
    <path
      d="M108.525 12.856H125.33200000000001V29.662999999999997H108.525z"
      transform="rotate(-18.435 116.93 21.26)"
    />
    <path
      d="M40.9419098 29.3888073L15.7508698 29.3888073 15.7508698 10.629921 10.6298981 10.629921 10.6298981 53.1496048 15.7508698 53.1496048 15.7508698 33.6767387 40.9419098 33.6767387 40.9419098 53.1496048 46.0628815 53.1496048 46.0628815 10.629921 40.9419098 10.629921z"
    />
    <path
      d="M74.6169434 46.4796753L74.4999313 46.4796753 61.0697212 10.629921 53.1496048 10.629921 53.1496048 53.1496048 58.0326843 53.1496048 58.0326843 15.8709078 58.1517029 15.8709078 72.2959213 53.1496048 76.4629822 53.1496048 90.6082306 15.8709078 90.7272568 15.8709078 90.7272568 53.1496048 95.6692886 53.1496048 95.6692886 10.629921 88.0471573 10.629921z"
    />
    <g>
      <path
        d="M158.9853058 53.1390991L159.8633575 53.1390991 159.8633575 45.3530884 158.9853058 45.3530884 158.9853058 47.3944206z"
      />
      <path
        d="M161.8513336 53.1390991L162.7293243 53.1390991 162.7293243 51.180954 162.7293243 47.8180542 161.8513336 47.8180542z"
      />
      <path
        d="M161.7883453 46.7070923L162.7823639 46.7070923 162.7823639 45.6390991 161.7883453 45.6390991 161.7883453 46.1730957z"
      />
      <path
        d="M155.018 47.691c-.92 0-1.555.561-1.798 1.1v-.973h-.846v7.204h.878v-2.814c.264.54.888 1.058 1.766 1.058 1.354 0 2.37-1.1 2.37-2.782 0-1.693-1.016-2.793-2.37-2.793zm-.179 4.887c-1.037 0-1.629-.825-1.629-2.03v-.149c0-1.206.592-2.02 1.63-2.02 1.046 0 1.66.857 1.66 2.105 0 1.238-.614 2.094-1.66 2.094zM140.442 45.586l-3.057 7.553h.91l.836-2.105h3.617l.836 2.105h.952l-3.068-7.553h-1.026zm-1.015 4.697l1.502-3.787h.032l1.491 3.787h-3.025zM166.833 47.691c-1.417 0-2.507 1.08-2.507 2.814 0 1.714 1.058 2.761 2.56 2.761 1.037 0 1.957-.56 2.2-1.693h-.825c-.222.646-.656.995-1.375.995-1.015 0-1.66-.677-1.703-1.904h3.935v-.349c0-1.365-.709-2.624-2.285-2.624zm-1.618 2.338c.148-1.09.783-1.629 1.618-1.629.952 0 1.407.71 1.428 1.63h-3.046zM148.407 47.691c-.92 0-1.555.561-1.798 1.1v-.973h-.846v7.204h.878v-2.814c.264.54.888 1.058 1.766 1.058 1.354 0 2.37-1.1 2.37-2.782 0-1.693-1.016-2.793-2.37-2.793zm-.179 4.887c-1.037 0-1.629-.825-1.629-2.03v-.149c0-1.206.592-2.02 1.63-2.02 1.046 0 1.66.857 1.66 2.105 0 1.238-.614 2.094-1.66 2.094zM209.552 48.4c.72 0 1.153.391 1.301 1.1h.835c-.169-1.132-.952-1.809-2.136-1.809-1.48 0-2.507 1.09-2.507 2.793s1.026 2.782 2.507 2.782c1.184 0 1.967-.666 2.136-1.809h-.835c-.148.71-.582 1.1-1.3 1.1-1.049 0-1.64-.825-1.64-2.073s.591-2.084 1.64-2.084zM174.47 48.76c-.243-.54-.846-1.069-1.766-1.069-1.354 0-2.37 1.1-2.37 2.793 0 1.682 1.016 2.782 2.37 2.782.878 0 1.534-.518 1.798-1.058v.931h.846v-7.786h-.878v3.407zm.043 1.787c0 1.206-.593 2.031-1.629 2.031-1.048 0-1.66-.856-1.66-2.094 0-1.248.612-2.105 1.66-2.105 1.036 0 1.63.814 1.63 2.02v.148zM197.134 47.691c-1.418 0-2.507 1.08-2.507 2.814 0 1.714 1.057 2.761 2.56 2.761 1.036 0 1.956-.56 2.2-1.693h-.825c-.223.646-.656.995-1.376.995-1.015 0-1.66-.677-1.703-1.904h3.935v-.349c0-1.365-.708-2.624-2.284-2.624zm-1.619 2.338c.148-1.09.783-1.629 1.62-1.629.951 0 1.405.71 1.427 1.63h-3.047zM221.853 50.198l-1.058-.2c-.613-.117-.93-.308-.93-.762 0-.519.454-.868 1.163-.868.73 0 1.206.318 1.27.857h.814c-.106-1.005-.857-1.534-2.084-1.534-1.174 0-1.978.698-1.978 1.598 0 .93.624 1.28 1.481 1.438l.941.191c.677.127.931.38.931.772 0 .571-.529.91-1.259.91-.719 0-1.396-.307-1.459-1.037h-.847c.096 1.142 1.048 1.703 2.317 1.703 1.195 0 2.073-.688 2.073-1.619 0-.856-.507-1.28-1.375-1.449zM215.36 47.691c-1.419 0-2.508 1.08-2.508 2.814 0 1.714 1.057 2.761 2.56 2.761 1.036 0 1.956-.56 2.2-1.693h-.825c-.223.646-.656.995-1.376.995-1.015 0-1.66-.677-1.703-1.904h3.935v-.349c0-1.365-.708-2.624-2.284-2.624zm-1.62 2.338c.148-1.09.783-1.629 1.62-1.629.951 0 1.405.71 1.427 1.63h-3.047zM203.596 47.691c-.814 0-1.48.444-1.734 1.1v-.973h-.847v5.321h.878v-2.93c0-1.28.646-1.798 1.46-1.798.836 0 1.27.507 1.27 1.491v3.237h.877v-3.427c0-1.27-.708-2.02-1.904-2.02z"
      />
      <path
        d="M192.152359 53.1390991L193.0303497 53.1390991 193.0303497 49.2460938 193.0303497 47.8180542 192.152359 47.8180542z"
      />
      <path
        d="M188.46 48.4c.72 0 1.153.391 1.301 1.1h.836c-.169-1.132-.952-1.809-2.137-1.809-1.48 0-2.507 1.09-2.507 2.793s1.026 2.782 2.507 2.782c1.185 0 1.968-.666 2.137-1.809h-.836c-.148.71-.582 1.1-1.3 1.1-1.048 0-1.64-.825-1.64-2.073s.592-2.084 1.64-2.084zM182.791 49.098l-1.48-.307c-.922-.179-1.345-.444-1.345-1.195 0-.793.656-1.407 1.756-1.407 1.08 0 1.82.487 1.946 1.333h.878c-.148-1.365-1.216-2.063-2.834-2.063-1.566 0-2.634.931-2.634 2.17 0 1.3.91 1.765 1.925 1.956l1.438.285c1.027.191 1.376.603 1.376 1.238 0 .91-.794 1.428-1.873 1.428-1.12 0-2.115-.413-2.232-1.629h-.878c.106 1.65 1.481 2.36 3.121 2.36 1.597 0 2.74-.91 2.74-2.2 0-1.197-.74-1.736-1.904-1.969z"
      />
      <path
        d="M192.0883331 46.7070923L193.0823517 46.7070923 193.0823517 45.6390991 192.0883331 45.6390991 192.0883331 46.1730957z"
      />
      <path
        d="M153.4632111 34.0664673L152.4692535 34.0664673 152.4692535 34.6004639 152.4692535 35.1344604 153.4632111 35.1344604z"
      />
      <path
        d="M141.13 41.693c1.946 0 3.057-1.143 3.057-3.206v-4.474h-.91v4.527c0 1.608-.814 2.38-2.147 2.38-1.322 0-2.147-.772-2.147-2.38v-4.527h-.91v4.453c0 2.084 1.132 3.227 3.057 3.227zM172.99 36.794c.73 0 1.205.318 1.27.857h.813c-.105-1.005-.856-1.534-2.083-1.534-1.175 0-1.978.7-1.978 1.599 0 .93.624 1.28 1.48 1.438l.942.19c.677.127.931.381.931.773 0 .57-.529.91-1.259.91-.719 0-1.396-.308-1.46-1.037h-.846c.095 1.143 1.047 1.703 2.317 1.703 1.195 0 2.073-.688 2.073-1.619 0-.857-.508-1.28-1.375-1.449l-1.058-.2c-.614-.118-.93-.308-.93-.763 0-.518.454-.868 1.163-.868zM150.597 41.565v-3.427c0-1.268-.709-2.02-1.904-2.02-.814 0-1.48.444-1.735 1.1v-.973h-.846v5.32h.878v-2.93c0-1.28.645-1.798 1.46-1.798.835 0 1.27.508 1.27 1.491v3.237h.877z"
      />
      <path
        d="M153.4112091 41.5654907L153.4112091 36.2445068 152.5332184 36.2445068 152.5332184 38.4555016 152.5332184 41.5654907z"
      />
      <path
        d="M176.8192291 41.5654907L177.6972198 41.5654907 177.6972198 38.4555016 177.6972198 36.2445068 176.8192291 36.2445068z"
      />
      <path
        d="M176.7552032 35.1344604L177.7492218 35.1344604 177.7492218 34.0664673 176.7552032 34.0664673 176.7552032 34.6004639z"
      />
      <path
        d="M167.923 37.503v-1.258h-.846v5.32h.878v-2.622c0-1.344.772-2.01 1.618-2.01.138 0 .328.01.455.041v-.804a1.803 1.803 0 00-.413-.042c-.782 0-1.459.497-1.692 1.375zM188.19 36.245h-.91l-1.597 4.347h-.022l-1.692-4.347h-.92l2.136 5.363c-.349.9-.592 1.195-1.12 1.195-.138 0-.255 0-.424-.042v.72c.17.032.37.053.518.053.973-.012 1.397-.54 1.883-1.81l2.147-5.48zM181.23 41.65c.232 0 .54-.032.93-.147v-.72a2.44 2.44 0 01-.772.126c-.486 0-.772-.19-.772-.75V36.91h1.407v-.666h-1.396V34.89h-.868v1.354h-.783v.666h.783v3.29c0 .984.497 1.45 1.47 1.45zM197.874 35.25v.995h-.772v.666h.772v4.654h.868v-4.654h1.142v-.666h-1.142v-.984c0-.602.35-.794.73-.794.19 0 .401.012.54.033v-.698a3.398 3.398 0 00-.593-.054c-.91 0-1.545.508-1.545 1.502zM196.14 38.91c0-1.714-1.058-2.793-2.529-2.793-1.47 0-2.528 1.08-2.528 2.793 0 1.715 1.058 2.783 2.528 2.783 1.471 0 2.53-1.068 2.53-2.783zm-2.529 2.073c-1.036 0-1.66-.793-1.66-2.073 0-1.28.624-2.084 1.66-2.084 1.037 0 1.661.804 1.661 2.084s-.624 2.073-1.66 2.073zM165.448 40h-.825c-.222.646-.656.995-1.375.995-1.016 0-1.66-.677-1.703-1.904h3.935v-.35c0-1.365-.709-2.624-2.285-2.624-1.418 0-2.507 1.08-2.507 2.814 0 1.715 1.058 2.762 2.56 2.762 1.036 0 1.957-.56 2.2-1.693zm-2.253-3.174c.952 0 1.407.71 1.428 1.63h-3.047c.148-1.09.783-1.63 1.62-1.63z"
      />
      <path
        d="M157.3881989 40.6984863L157.3672028 40.6984863 155.6532135 36.2445068 154.7542267 36.2445068 156.8802032 41.5654907 157.864212 41.5654907 159.9052277 36.2445068 159.0272369 36.2445068z"
      />
      <path
        d="M150.3647614 23.5603638L151.2637482 23.5603638 151.2637482 23.2491131 151.2637482 22.4923706 150.3647614 22.4923706z"
      />
      <path
        d="M148.4397125 23.5603638L149.3287506 23.5603638 149.3287506 23.0263672 149.3287506 22.4923706 148.4397125 22.4923706z"
      />
      <path
        d="M170.737 29.992v-3.427c0-1.27-.708-2.02-1.904-2.02-.814 0-1.45.422-1.703 1.1v-3.439h-.878v7.786h.878v-2.93c0-1.28.646-1.798 1.46-1.798.836 0 1.269.507 1.269 1.491v3.237h.878zM154.87 25.644v-.973h-.845v5.321h.878v-2.93c0-1.28.645-1.798 1.459-1.798.836 0 1.27.507 1.27 1.491v3.237h.878v-3.427c0-1.27-.71-2.02-1.904-2.02-.815 0-1.481.443-1.735 1.1z"
      />
      <path
        d="M141.9447174 28.807373L141.9237213 28.807373 139.596756 22.4393921 138.1897125 22.4393921 138.1897125 29.9923706 139.0567169 29.9923706 139.0567169 23.3703613 139.0787506 23.3703613 141.5327301 29.9923706 142.2727203 29.9923706 144.7267609 23.3703613 144.747757 23.3703613 144.747757 29.9923706 145.6257477 29.9923706 145.6257477 22.4393921 144.2717438 22.4393921z"
      />
      <path
        d="M162.56 30.12c1.186 0 1.968-.667 2.138-1.81h-.836c-.148.71-.582 1.1-1.301 1.1-1.047 0-1.64-.825-1.64-2.073s.593-2.084 1.64-2.084c.719 0 1.153.391 1.3 1.1h.837c-.17-1.132-.952-1.809-2.137-1.809-1.481 0-2.507 1.09-2.507 2.793s1.026 2.782 2.507 2.782zM151.148 27.601c0 1.28-.603 1.83-1.407 1.83-.836 0-1.248-.518-1.248-1.502v-3.258h-.89v3.427c0 1.291.678 2.021 1.884 2.021.804 0 1.439-.423 1.692-1.09v.963h.857v-5.32h-.888v2.93zM176.216 28.426c-.222.646-.655.995-1.375.995-1.015 0-1.66-.677-1.703-1.904h3.935v-.349c0-1.365-.71-2.624-2.285-2.624-1.417 0-2.507 1.08-2.507 2.814 0 1.714 1.058 2.761 2.56 2.761 1.037 0 1.957-.56 2.2-1.693h-.825zm-1.428-3.173c.952 0 1.407.71 1.428 1.63h-3.046c.148-1.09.783-1.63 1.618-1.63zM179.548 27.062c0-1.28.646-1.798 1.46-1.798.836 0 1.269.507 1.269 1.491v3.237h.878v-3.427c0-1.27-.708-2.02-1.904-2.02-.814 0-1.481.443-1.734 1.1v-.974h-.847v5.321h.878v-2.93z"
      />
      <path
        d="M189.9987335 10.6330566L189.1207428 10.6330566 189.1207428 15.309083 189.1207428 18.4190674 189.9987335 18.4190674z"
      />
      <path
        d="M177.21 15.49c0-1.28.646-1.799 1.46-1.799.836 0 1.269.507 1.269 1.491v3.237h.878v-3.427c0-1.27-.708-2.02-1.904-2.02-.814 0-1.45.422-1.703 1.1v-3.439h-.878v7.786h.878v-2.93zM194.156 18.546c1.036 0 1.956-.56 2.2-1.693h-.825c-.223.646-.656.995-1.375.995-1.016 0-1.661-.677-1.703-1.904h3.934v-.349c0-1.365-.708-2.624-2.284-2.624-1.418 0-2.507 1.08-2.507 2.814 0 1.714 1.058 2.761 2.56 2.761zm-.053-4.866c.952 0 1.406.71 1.428 1.63h-3.047c.148-1.09.783-1.63 1.619-1.63zM184.583 18.546c.804 0 1.438-.423 1.692-1.09v.963h.857V13.1h-.888v2.93c0 1.28-.603 1.83-1.407 1.83-.836 0-1.248-.519-1.248-1.503v-3.258h-.89v3.427c0 1.291.678 2.021 1.884 2.021zM159.419 15.49c0-1.28.645-1.799 1.46-1.799.835 0 1.269.507 1.269 1.491v3.237h.878v-3.427c0-1.27-.71-2.02-1.904-2.02-.814 0-1.45.422-1.703 1.1v-3.439h-.878v7.786h.878v-2.93zM154.85 18.546c1.184 0 1.967-.666 2.136-1.809h-.835c-.148.71-.582 1.1-1.301 1.1-1.048 0-1.64-.825-1.64-2.073s.592-2.084 1.64-2.084c.719 0 1.153.391 1.3 1.1h.836c-.17-1.132-.952-1.809-2.136-1.809-1.481 0-2.507 1.09-2.507 2.793s1.026 2.782 2.507 2.782z"
      />
      <path
        d="M139.0997467 14.960083L143.5207062 14.960083 143.5207062 18.4190674 144.4307404 18.4190674 144.4307404 10.8660889 143.5207062 10.8660889 143.5207062 14.1980591 139.0997467 14.1980591 139.0997467 10.8660889 138.1897125 10.8660889 138.1897125 18.4190674 139.0997467 18.4190674z"
      />
      <path
        d="M172.64 18.546c1.186 0 1.968-.666 2.138-1.809h-.836c-.148.71-.582 1.1-1.301 1.1-1.047 0-1.64-.825-1.64-2.073s.593-2.084 1.64-2.084c.719 0 1.153.391 1.3 1.1h.837c-.17-1.132-.952-1.809-2.137-1.809-1.481 0-2.507 1.09-2.507 2.793s1.026 2.782 2.507 2.782zM148.598 18.546c1.47 0 2.528-1.068 2.528-2.782s-1.057-2.793-2.528-2.793c-1.47 0-2.528 1.08-2.528 2.793s1.058 2.782 2.528 2.782zm0-4.866c1.037 0 1.66.804 1.66 2.084s-.623 2.073-1.66 2.073c-1.036 0-1.66-.793-1.66-2.073 0-1.28.624-2.084 1.66-2.084zM166.813 17.88c-.72 0-1.397-.307-1.46-1.037h-.846c.095 1.142 1.047 1.703 2.316 1.703 1.196 0 2.073-.688 2.073-1.619 0-.856-.507-1.279-1.375-1.449l-1.057-.2c-.614-.117-.931-.308-.931-.762 0-.519.455-.868 1.163-.868.73 0 1.206.318 1.27.857h.814c-.106-1.005-.857-1.534-2.084-1.534-1.174 0-1.978.698-1.978 1.598 0 .93.624 1.28 1.48 1.438l.943.191c.677.127.93.38.93.772 0 .571-.528.91-1.258.91z"
      />
    </g>
  </g>
</svg>
`;

exports[`Home, when user is authenticated > Subheader should match snapshot 1`] = `
<h5
  class="MuiTypography-root MuiTypography-h5 css-1sydlpc-MuiTypography-root"
>
  Welcome! Your pairwiseId is 
  <samp>
    pairwiseId
  </samp>
</h5>
`;

exports[`Home, when user is not authenticated > Header should match snapshot 1`] = `
<h2
  class="MuiTypography-root MuiTypography-h2 css-19gmx6a-MuiTypography-root"
>
  OIDC Service-Provider Demo with Next.js
</h2>
`;

exports[`Home, when user is not authenticated > Logo should match snapshot 1`] = `
<svg
  aria-hidden="true"
  aria-label="HM Logo"
  class="MuiSvgIcon-root MuiSvgIcon-fontSizeMedium css-xkk8z0-MuiSvgIcon-root"
  enable-background="new 0 0 233.8582611 63.7795258"
  focusable="false"
  viewBox="0 0 233.858 63.78"
  x="0"
  y="0"
>
  <g
    fill="#FC5555"
  >
    <path
      d="M108.525 12.856H125.33200000000001V29.662999999999997H108.525z"
      transform="rotate(-18.435 116.93 21.26)"
    />
    <path
      d="M40.9419098 29.3888073L15.7508698 29.3888073 15.7508698 10.629921 10.6298981 10.629921 10.6298981 53.1496048 15.7508698 53.1496048 15.7508698 33.6767387 40.9419098 33.6767387 40.9419098 53.1496048 46.0628815 53.1496048 46.0628815 10.629921 40.9419098 10.629921z"
    />
    <path
      d="M74.6169434 46.4796753L74.4999313 46.4796753 61.0697212 10.629921 53.1496048 10.629921 53.1496048 53.1496048 58.0326843 53.1496048 58.0326843 15.8709078 58.1517029 15.8709078 72.2959213 53.1496048 76.4629822 53.1496048 90.6082306 15.8709078 90.7272568 15.8709078 90.7272568 53.1496048 95.6692886 53.1496048 95.6692886 10.629921 88.0471573 10.629921z"
    />
    <g>
      <path
        d="M158.9853058 53.1390991L159.8633575 53.1390991 159.8633575 45.3530884 158.9853058 45.3530884 158.9853058 47.3944206z"
      />
      <path
        d="M161.8513336 53.1390991L162.7293243 53.1390991 162.7293243 51.180954 162.7293243 47.8180542 161.8513336 47.8180542z"
      />
      <path
        d="M161.7883453 46.7070923L162.7823639 46.7070923 162.7823639 45.6390991 161.7883453 45.6390991 161.7883453 46.1730957z"
      />
      <path
        d="M155.018 47.691c-.92 0-1.555.561-1.798 1.1v-.973h-.846v7.204h.878v-2.814c.264.54.888 1.058 1.766 1.058 1.354 0 2.37-1.1 2.37-2.782 0-1.693-1.016-2.793-2.37-2.793zm-.179 4.887c-1.037 0-1.629-.825-1.629-2.03v-.149c0-1.206.592-2.02 1.63-2.02 1.046 0 1.66.857 1.66 2.105 0 1.238-.614 2.094-1.66 2.094zM140.442 45.586l-3.057 7.553h.91l.836-2.105h3.617l.836 2.105h.952l-3.068-7.553h-1.026zm-1.015 4.697l1.502-3.787h.032l1.491 3.787h-3.025zM166.833 47.691c-1.417 0-2.507 1.08-2.507 2.814 0 1.714 1.058 2.761 2.56 2.761 1.037 0 1.957-.56 2.2-1.693h-.825c-.222.646-.656.995-1.375.995-1.015 0-1.66-.677-1.703-1.904h3.935v-.349c0-1.365-.709-2.624-2.285-2.624zm-1.618 2.338c.148-1.09.783-1.629 1.618-1.629.952 0 1.407.71 1.428 1.63h-3.046zM148.407 47.691c-.92 0-1.555.561-1.798 1.1v-.973h-.846v7.204h.878v-2.814c.264.54.888 1.058 1.766 1.058 1.354 0 2.37-1.1 2.37-2.782 0-1.693-1.016-2.793-2.37-2.793zm-.179 4.887c-1.037 0-1.629-.825-1.629-2.03v-.149c0-1.206.592-2.02 1.63-2.02 1.046 0 1.66.857 1.66 2.105 0 1.238-.614 2.094-1.66 2.094zM209.552 48.4c.72 0 1.153.391 1.301 1.1h.835c-.169-1.132-.952-1.809-2.136-1.809-1.48 0-2.507 1.09-2.507 2.793s1.026 2.782 2.507 2.782c1.184 0 1.967-.666 2.136-1.809h-.835c-.148.71-.582 1.1-1.3 1.1-1.049 0-1.64-.825-1.64-2.073s.591-2.084 1.64-2.084zM174.47 48.76c-.243-.54-.846-1.069-1.766-1.069-1.354 0-2.37 1.1-2.37 2.793 0 1.682 1.016 2.782 2.37 2.782.878 0 1.534-.518 1.798-1.058v.931h.846v-7.786h-.878v3.407zm.043 1.787c0 1.206-.593 2.031-1.629 2.031-1.048 0-1.66-.856-1.66-2.094 0-1.248.612-2.105 1.66-2.105 1.036 0 1.63.814 1.63 2.02v.148zM197.134 47.691c-1.418 0-2.507 1.08-2.507 2.814 0 1.714 1.057 2.761 2.56 2.761 1.036 0 1.956-.56 2.2-1.693h-.825c-.223.646-.656.995-1.376.995-1.015 0-1.66-.677-1.703-1.904h3.935v-.349c0-1.365-.708-2.624-2.284-2.624zm-1.619 2.338c.148-1.09.783-1.629 1.62-1.629.951 0 1.405.71 1.427 1.63h-3.047zM221.853 50.198l-1.058-.2c-.613-.117-.93-.308-.93-.762 0-.519.454-.868 1.163-.868.73 0 1.206.318 1.27.857h.814c-.106-1.005-.857-1.534-2.084-1.534-1.174 0-1.978.698-1.978 1.598 0 .93.624 1.28 1.481 1.438l.941.191c.677.127.931.38.931.772 0 .571-.529.91-1.259.91-.719 0-1.396-.307-1.459-1.037h-.847c.096 1.142 1.048 1.703 2.317 1.703 1.195 0 2.073-.688 2.073-1.619 0-.856-.507-1.28-1.375-1.449zM215.36 47.691c-1.419 0-2.508 1.08-2.508 2.814 0 1.714 1.057 2.761 2.56 2.761 1.036 0 1.956-.56 2.2-1.693h-.825c-.223.646-.656.995-1.376.995-1.015 0-1.66-.677-1.703-1.904h3.935v-.349c0-1.365-.708-2.624-2.284-2.624zm-1.62 2.338c.148-1.09.783-1.629 1.62-1.629.951 0 1.405.71 1.427 1.63h-3.047zM203.596 47.691c-.814 0-1.48.444-1.734 1.1v-.973h-.847v5.321h.878v-2.93c0-1.28.646-1.798 1.46-1.798.836 0 1.27.507 1.27 1.491v3.237h.877v-3.427c0-1.27-.708-2.02-1.904-2.02z"
      />
      <path
        d="M192.152359 53.1390991L193.0303497 53.1390991 193.0303497 49.2460938 193.0303497 47.8180542 192.152359 47.8180542z"
      />
      <path
        d="M188.46 48.4c.72 0 1.153.391 1.301 1.1h.836c-.169-1.132-.952-1.809-2.137-1.809-1.48 0-2.507 1.09-2.507 2.793s1.026 2.782 2.507 2.782c1.185 0 1.968-.666 2.137-1.809h-.836c-.148.71-.582 1.1-1.3 1.1-1.048 0-1.64-.825-1.64-2.073s.592-2.084 1.64-2.084zM182.791 49.098l-1.48-.307c-.922-.179-1.345-.444-1.345-1.195 0-.793.656-1.407 1.756-1.407 1.08 0 1.82.487 1.946 1.333h.878c-.148-1.365-1.216-2.063-2.834-2.063-1.566 0-2.634.931-2.634 2.17 0 1.3.91 1.765 1.925 1.956l1.438.285c1.027.191 1.376.603 1.376 1.238 0 .91-.794 1.428-1.873 1.428-1.12 0-2.115-.413-2.232-1.629h-.878c.106 1.65 1.481 2.36 3.121 2.36 1.597 0 2.74-.91 2.74-2.2 0-1.197-.74-1.736-1.904-1.969z"
      />
      <path
        d="M192.0883331 46.7070923L193.0823517 46.7070923 193.0823517 45.6390991 192.0883331 45.6390991 192.0883331 46.1730957z"
      />
      <path
        d="M153.4632111 34.0664673L152.4692535 34.0664673 152.4692535 34.6004639 152.4692535 35.1344604 153.4632111 35.1344604z"
      />
      <path
        d="M141.13 41.693c1.946 0 3.057-1.143 3.057-3.206v-4.474h-.91v4.527c0 1.608-.814 2.38-2.147 2.38-1.322 0-2.147-.772-2.147-2.38v-4.527h-.91v4.453c0 2.084 1.132 3.227 3.057 3.227zM172.99 36.794c.73 0 1.205.318 1.27.857h.813c-.105-1.005-.856-1.534-2.083-1.534-1.175 0-1.978.7-1.978 1.599 0 .93.624 1.28 1.48 1.438l.942.19c.677.127.931.381.931.773 0 .57-.529.91-1.259.91-.719 0-1.396-.308-1.46-1.037h-.846c.095 1.143 1.047 1.703 2.317 1.703 1.195 0 2.073-.688 2.073-1.619 0-.857-.508-1.28-1.375-1.449l-1.058-.2c-.614-.118-.93-.308-.93-.763 0-.518.454-.868 1.163-.868zM150.597 41.565v-3.427c0-1.268-.709-2.02-1.904-2.02-.814 0-1.48.444-1.735 1.1v-.973h-.846v5.32h.878v-2.93c0-1.28.645-1.798 1.46-1.798.835 0 1.27.508 1.27 1.491v3.237h.877z"
      />
      <path
        d="M153.4112091 41.5654907L153.4112091 36.2445068 152.5332184 36.2445068 152.5332184 38.4555016 152.5332184 41.5654907z"
      />
      <path
        d="M176.8192291 41.5654907L177.6972198 41.5654907 177.6972198 38.4555016 177.6972198 36.2445068 176.8192291 36.2445068z"
      />
      <path
        d="M176.7552032 35.1344604L177.7492218 35.1344604 177.7492218 34.0664673 176.7552032 34.0664673 176.7552032 34.6004639z"
      />
      <path
        d="M167.923 37.503v-1.258h-.846v5.32h.878v-2.622c0-1.344.772-2.01 1.618-2.01.138 0 .328.01.455.041v-.804a1.803 1.803 0 00-.413-.042c-.782 0-1.459.497-1.692 1.375zM188.19 36.245h-.91l-1.597 4.347h-.022l-1.692-4.347h-.92l2.136 5.363c-.349.9-.592 1.195-1.12 1.195-.138 0-.255 0-.424-.042v.72c.17.032.37.053.518.053.973-.012 1.397-.54 1.883-1.81l2.147-5.48zM181.23 41.65c.232 0 .54-.032.93-.147v-.72a2.44 2.44 0 01-.772.126c-.486 0-.772-.19-.772-.75V36.91h1.407v-.666h-1.396V34.89h-.868v1.354h-.783v.666h.783v3.29c0 .984.497 1.45 1.47 1.45zM197.874 35.25v.995h-.772v.666h.772v4.654h.868v-4.654h1.142v-.666h-1.142v-.984c0-.602.35-.794.73-.794.19 0 .401.012.54.033v-.698a3.398 3.398 0 00-.593-.054c-.91 0-1.545.508-1.545 1.502zM196.14 38.91c0-1.714-1.058-2.793-2.529-2.793-1.47 0-2.528 1.08-2.528 2.793 0 1.715 1.058 2.783 2.528 2.783 1.471 0 2.53-1.068 2.53-2.783zm-2.529 2.073c-1.036 0-1.66-.793-1.66-2.073 0-1.28.624-2.084 1.66-2.084 1.037 0 1.661.804 1.661 2.084s-.624 2.073-1.66 2.073zM165.448 40h-.825c-.222.646-.656.995-1.375.995-1.016 0-1.66-.677-1.703-1.904h3.935v-.35c0-1.365-.709-2.624-2.285-2.624-1.418 0-2.507 1.08-2.507 2.814 0 1.715 1.058 2.762 2.56 2.762 1.036 0 1.957-.56 2.2-1.693zm-2.253-3.174c.952 0 1.407.71 1.428 1.63h-3.047c.148-1.09.783-1.63 1.62-1.63z"
      />
      <path
        d="M157.3881989 40.6984863L157.3672028 40.6984863 155.6532135 36.2445068 154.7542267 36.2445068 156.8802032 41.5654907 157.864212 41.5654907 159.9052277 36.2445068 159.0272369 36.2445068z"
      />
      <path
        d="M150.3647614 23.5603638L151.2637482 23.5603638 151.2637482 23.2491131 151.2637482 22.4923706 150.3647614 22.4923706z"
      />
      <path
        d="M148.4397125 23.5603638L149.3287506 23.5603638 149.3287506 23.0263672 149.3287506 22.4923706 148.4397125 22.4923706z"
      />
      <path
        d="M170.737 29.992v-3.427c0-1.27-.708-2.02-1.904-2.02-.814 0-1.45.422-1.703 1.1v-3.439h-.878v7.786h.878v-2.93c0-1.28.646-1.798 1.46-1.798.836 0 1.269.507 1.269 1.491v3.237h.878zM154.87 25.644v-.973h-.845v5.321h.878v-2.93c0-1.28.645-1.798 1.459-1.798.836 0 1.27.507 1.27 1.491v3.237h.878v-3.427c0-1.27-.71-2.02-1.904-2.02-.815 0-1.481.443-1.735 1.1z"
      />
      <path
        d="M141.9447174 28.807373L141.9237213 28.807373 139.596756 22.4393921 138.1897125 22.4393921 138.1897125 29.9923706 139.0567169 29.9923706 139.0567169 23.3703613 139.0787506 23.3703613 141.5327301 29.9923706 142.2727203 29.9923706 144.7267609 23.3703613 144.747757 23.3703613 144.747757 29.9923706 145.6257477 29.9923706 145.6257477 22.4393921 144.2717438 22.4393921z"
      />
      <path
        d="M162.56 30.12c1.186 0 1.968-.667 2.138-1.81h-.836c-.148.71-.582 1.1-1.301 1.1-1.047 0-1.64-.825-1.64-2.073s.593-2.084 1.64-2.084c.719 0 1.153.391 1.3 1.1h.837c-.17-1.132-.952-1.809-2.137-1.809-1.481 0-2.507 1.09-2.507 2.793s1.026 2.782 2.507 2.782zM151.148 27.601c0 1.28-.603 1.83-1.407 1.83-.836 0-1.248-.518-1.248-1.502v-3.258h-.89v3.427c0 1.291.678 2.021 1.884 2.021.804 0 1.439-.423 1.692-1.09v.963h.857v-5.32h-.888v2.93zM176.216 28.426c-.222.646-.655.995-1.375.995-1.015 0-1.66-.677-1.703-1.904h3.935v-.349c0-1.365-.71-2.624-2.285-2.624-1.417 0-2.507 1.08-2.507 2.814 0 1.714 1.058 2.761 2.56 2.761 1.037 0 1.957-.56 2.2-1.693h-.825zm-1.428-3.173c.952 0 1.407.71 1.428 1.63h-3.046c.148-1.09.783-1.63 1.618-1.63zM179.548 27.062c0-1.28.646-1.798 1.46-1.798.836 0 1.269.507 1.269 1.491v3.237h.878v-3.427c0-1.27-.708-2.02-1.904-2.02-.814 0-1.481.443-1.734 1.1v-.974h-.847v5.321h.878v-2.93z"
      />
      <path
        d="M189.9987335 10.6330566L189.1207428 10.6330566 189.1207428 15.309083 189.1207428 18.4190674 189.9987335 18.4190674z"
      />
      <path
        d="M177.21 15.49c0-1.28.646-1.799 1.46-1.799.836 0 1.269.507 1.269 1.491v3.237h.878v-3.427c0-1.27-.708-2.02-1.904-2.02-.814 0-1.45.422-1.703 1.1v-3.439h-.878v7.786h.878v-2.93zM194.156 18.546c1.036 0 1.956-.56 2.2-1.693h-.825c-.223.646-.656.995-1.375.995-1.016 0-1.661-.677-1.703-1.904h3.934v-.349c0-1.365-.708-2.624-2.284-2.624-1.418 0-2.507 1.08-2.507 2.814 0 1.714 1.058 2.761 2.56 2.761zm-.053-4.866c.952 0 1.406.71 1.428 1.63h-3.047c.148-1.09.783-1.63 1.619-1.63zM184.583 18.546c.804 0 1.438-.423 1.692-1.09v.963h.857V13.1h-.888v2.93c0 1.28-.603 1.83-1.407 1.83-.836 0-1.248-.519-1.248-1.503v-3.258h-.89v3.427c0 1.291.678 2.021 1.884 2.021zM159.419 15.49c0-1.28.645-1.799 1.46-1.799.835 0 1.269.507 1.269 1.491v3.237h.878v-3.427c0-1.27-.71-2.02-1.904-2.02-.814 0-1.45.422-1.703 1.1v-3.439h-.878v7.786h.878v-2.93zM154.85 18.546c1.184 0 1.967-.666 2.136-1.809h-.835c-.148.71-.582 1.1-1.301 1.1-1.048 0-1.64-.825-1.64-2.073s.592-2.084 1.64-2.084c.719 0 1.153.391 1.3 1.1h.836c-.17-1.132-.952-1.809-2.136-1.809-1.481 0-2.507 1.09-2.507 2.793s1.026 2.782 2.507 2.782z"
      />
      <path
        d="M139.0997467 14.960083L143.5207062 14.960083 143.5207062 18.4190674 144.4307404 18.4190674 144.4307404 10.8660889 143.5207062 10.8660889 143.5207062 14.1980591 139.0997467 14.1980591 139.0997467 10.8660889 138.1897125 10.8660889 138.1897125 18.4190674 139.0997467 18.4190674z"
      />
      <path
        d="M172.64 18.546c1.186 0 1.968-.666 2.138-1.809h-.836c-.148.71-.582 1.1-1.301 1.1-1.047 0-1.64-.825-1.64-2.073s.593-2.084 1.64-2.084c.719 0 1.153.391 1.3 1.1h.837c-.17-1.132-.952-1.809-2.137-1.809-1.481 0-2.507 1.09-2.507 2.793s1.026 2.782 2.507 2.782zM148.598 18.546c1.47 0 2.528-1.068 2.528-2.782s-1.057-2.793-2.528-2.793c-1.47 0-2.528 1.08-2.528 2.793s1.058 2.782 2.528 2.782zm0-4.866c1.037 0 1.66.804 1.66 2.084s-.623 2.073-1.66 2.073c-1.036 0-1.66-.793-1.66-2.073 0-1.28.624-2.084 1.66-2.084zM166.813 17.88c-.72 0-1.397-.307-1.46-1.037h-.846c.095 1.142 1.047 1.703 2.316 1.703 1.196 0 2.073-.688 2.073-1.619 0-.856-.507-1.279-1.375-1.449l-1.057-.2c-.614-.117-.931-.308-.931-.762 0-.519.455-.868 1.163-.868.73 0 1.206.318 1.27.857h.814c-.106-1.005-.857-1.534-2.084-1.534-1.174 0-1.978.698-1.978 1.598 0 .93.624 1.28 1.48 1.438l.943.191c.677.127.93.38.93.772 0 .571-.528.91-1.258.91z"
      />
    </g>
  </g>
</svg>
`;
